2026-01-18T07:24:45.918305+00:00 DESKTOP-RFD2P15 systemd-logind[194]: New seat seat0.
2026-01-18T07:24:56.426839+00:00 DESKTOP-RFD2P15 groupadd[402]: group added to /etc/group: name=hetal, GID=1000
2026-01-18T07:24:56.433513+00:00 DESKTOP-RFD2P15 groupadd[402]: group added to /etc/gshadow: name=hetal
2026-01-18T07:24:56.435897+00:00 DESKTOP-RFD2P15 groupadd[402]: new group: name=hetal, GID=1000
2026-01-18T07:24:56.463592+00:00 DESKTOP-RFD2P15 useradd[409]: new user: name=hetal, UID=1000, GID=1000, home=/home/hetal, shell=/bin/bash, from=/dev/pts/0     
2026-01-18T07:25:08.802700+00:00 DESKTOP-RFD2P15 passwd[422]: pam_unix(passwd:chauthtok): password changed for hetal
2026-01-18T07:25:08.825640+00:00 DESKTOP-RFD2P15 chfn[426]: changed user 'hetal' information
2026-01-18T07:25:08.861186+00:00 DESKTOP-RFD2P15 gpasswd[434]: members of group users set by root to hetal
2026-01-18T07:25:08.883929+00:00 DESKTOP-RFD2P15 usermod[440]: add 'hetal' to group 'adm'
2026-01-18T07:25:08.884088+00:00 DESKTOP-RFD2P15 usermod[440]: add 'hetal' to group 'cdrom'
2026-01-18T07:25:08.884138+00:00 DESKTOP-RFD2P15 usermod[440]: add 'hetal' to group 'sudo'
2026-01-18T07:25:08.884234+00:00 DESKTOP-RFD2P15 usermod[440]: add 'hetal' to group 'dip'
2026-01-18T07:25:08.884285+00:00 DESKTOP-RFD2P15 usermod[440]: add 'hetal' to group 'plugdev'
2026-01-18T07:25:08.884373+00:00 DESKTOP-RFD2P15 usermod[440]: add 'hetal' to shadow group 'adm'
2026-01-18T07:25:08.884431+00:00 DESKTOP-RFD2P15 usermod[440]: add 'hetal' to shadow group 'cdrom'
2026-01-18T07:25:08.884493+00:00 DESKTOP-RFD2P15 usermod[440]: add 'hetal' to shadow group 'sudo'
2026-01-18T07:25:08.884563+00:00 DESKTOP-RFD2P15 usermod[440]: add 'hetal' to shadow group 'dip'
2026-01-18T07:25:08.884652+00:00 DESKTOP-RFD2P15 usermod[440]: add 'hetal' to shadow group 'plugdev'
2026-01-18T07:25:08.926053+00:00 DESKTOP-RFD2P15 login[455]: PAM unable to dlopen(pam_lastlog.so): /usr/lib/security/pam_lastlog.so: cannot open shared object file: No such file or directory
2026-01-18T07:25:08.926166+00:00 DESKTOP-RFD2P15 login[455]: PAM adding faulty module: pam_lastlog.so
2026-01-18T07:25:09.284703+00:00 DESKTOP-RFD2P15 login[455]: pam_unix(login:session): session opened for user hetal(uid=1000) by hetal(uid=0)
2026-01-18T07:25:09.369207+00:00 DESKTOP-RFD2P15 systemd-logind[194]: New session 1 of user hetal.
2026-01-18T07:25:09.384606+00:00 DESKTOP-RFD2P15 (systemd): pam_unix(systemd-user:session): session opened for user hetal(uid=1000) by hetal(uid=0)
2026-01-18T07:25:37.402759+00:00 DESKTOP-RFD2P15 sudo:    hetal : TTY=pts/0 ; PWD=/mnt/e/hetal/BCA/project/Unified_Mentor_Internship_Project/linux-privesc-automation-toolkit ; USER=root ; COMMAND=/usr/bin/apt install python3 -y
2026-01-18T07:25:37.403544+00:00 DESKTOP-RFD2P15 sudo: pam_unix(sudo:session): session opened for user root(uid=0) by (uid=1000)
2026-01-18T07:25:37.594781+00:00 DESKTOP-RFD2P15 sudo: pam_unix(sudo:session): session closed for user root
2026-01-18T07:26:07.418570+00:00 DESKTOP-RFD2P15 sudo:    hetal : TTY=pts/0 ; PWD=/mnt/e/hetal/BCA/project/Unified_Mentor_Internship_Project/linux-privesc-automation-toolkit ; USER=root ; COMMAND=/usr/bin/chmod +x main.py
2026-01-18T07:26:07.419634+00:00 DESKTOP-RFD2P15 sudo: pam_unix(sudo:session): session opened for user root(uid=0) by (uid=1000)
2026-01-18T07:26:07.426109+00:00 DESKTOP-RFD2P15 sudo: pam_unix(sudo:session): session closed for user root
2026-01-18T07:40:20.651573+00:00 DESKTOP-RFD2P15 systemd-logind[194]: The system will power off now!
2026-01-18T07:40:20.689691+00:00 DESKTOP-RFD2P15 systemd-logind[194]: System is powering down.
2026-01-18T09:19:37.914145+00:00 DESKTOP-RFD2P15 systemd-logind[168]: New seat seat0.
2026-01-18T09:19:38.730095+00:00 DESKTOP-RFD2P15 login[284]: PAM unable to dlopen(pam_lastlog.so): /usr/lib/security/pam_lastlog.so: cannot open shared object file: No such file or directory
2026-01-18T09:19:38.730217+00:00 DESKTOP-RFD2P15 login[284]: PAM adding faulty module: pam_lastlog.so
2026-01-18T09:19:39.017065+00:00 DESKTOP-RFD2P15 login[284]: pam_unix(login:session): session opened for user hetal(uid=1000) by hetal(uid=0)
2026-01-18T09:19:39.117062+00:00 DESKTOP-RFD2P15 systemd-logind[168]: New session 1 of user hetal.
2026-01-18T09:19:39.165706+00:00 DESKTOP-RFD2P15 (systemd): pam_unix(systemd-user:session): session opened for user hetal(uid=1000) by hetal(uid=0)
2026-01-18T11:17:00.235467+00:00 DESKTOP-RFD2P15 CRON[743]: pam_unix(cron:session): session opened for user root(uid=0) by root(uid=0)
2026-01-18T11:17:00.246435+00:00 DESKTOP-RFD2P15 CRON[743]: pam_unix(cron:session): session closed for user root
2026-01-18T11:42:05.735164+00:00 DESKTOP-RFD2P15 systemd-logind[168]: The system will power off now!
2026-01-18T11:42:05.810539+00:00 DESKTOP-RFD2P15 systemd-logind[168]: System is powering down.
2026-01-20T10:14:07.188054+00:00 DESKTOP-RFD2P15 systemd-logind[179]: New seat seat0.
2026-01-20T10:14:08.357255+00:00 DESKTOP-RFD2P15 login[346]: PAM unable to dlopen(pam_lastlog.so): /usr/lib/security/pam_lastlog.so: cannot open shared object file: No such file or directory
2026-01-20T10:14:08.357360+00:00 DESKTOP-RFD2P15 login[346]: PAM adding faulty module: pam_lastlog.so
2026-01-20T10:14:08.805123+00:00 DESKTOP-RFD2P15 login[346]: pam_unix(login:session): session opened for user hetal(uid=1000) by hetal(uid=0)
2026-01-20T10:14:08.837268+00:00 DESKTOP-RFD2P15 systemd-logind[179]: New session 1 of user hetal.
2026-01-20T10:14:08.927000+00:00 DESKTOP-RFD2P15 (systemd): pam_unix(systemd-user:session): session opened for user hetal(uid=1000) by hetal(uid=0)
2026-01-20T10:17:01.822774+00:00 DESKTOP-RFD2P15 CRON[536]: pam_unix(cron:session): session opened for user root(uid=0) by root(uid=0)
2026-01-20T10:17:01.827007+00:00 DESKTOP-RFD2P15 CRON[536]: pam_unix(cron:session): session closed for user root
2026-01-20T10:52:41.333961+00:00 DESKTOP-RFD2P15 systemd-logind[179]: The system will power off now!
2026-01-20T10:52:41.429587+00:00 DESKTOP-RFD2P15 systemd-logind[179]: System is powering down.
2026-01-22T07:49:20.236987+00:00 DESKTOP-RFD2P15 systemd-logind[174]: New seat seat0.
2026-01-22T07:49:21.319263+00:00 DESKTOP-RFD2P15 login[303]: PAM unable to dlopen(pam_lastlog.so): /usr/lib/security/pam_lastlog.so: cannot open shared object file: No such file or directory
2026-01-22T07:49:21.319403+00:00 DESKTOP-RFD2P15 login[303]: PAM adding faulty module: pam_lastlog.so
2026-01-22T07:49:21.714205+00:00 DESKTOP-RFD2P15 login[303]: pam_unix(login:session): session opened for user hetal(uid=1000) by hetal(uid=0)
2026-01-22T07:49:21.784647+00:00 DESKTOP-RFD2P15 systemd-logind[174]: New session 1 of user hetal.
2026-01-22T07:49:21.799022+00:00 DESKTOP-RFD2P15 (systemd): pam_unix(systemd-user:session): session opened for user hetal(uid=1000) by hetal(uid=0)
2026-01-22T07:49:37.337114+00:00 DESKTOP-RFD2P15 systemd-logind[174]: The system will power off now!
2026-01-22T07:49:37.350305+00:00 DESKTOP-RFD2P15 systemd-logind[174]: System is powering down.
2026-01-23T13:39:47.414756+00:00 DESKTOP-RFD2P15 systemd-logind[184]: New seat seat0.
2026-01-23T13:39:48.935672+00:00 DESKTOP-RFD2P15 login[309]: PAM unable to dlopen(pam_lastlog.so): /usr/lib/security/pam_lastlog.so: cannot open shared object file: No such file or directory
2026-01-23T13:39:48.935823+00:00 DESKTOP-RFD2P15 login[309]: PAM adding faulty module: pam_lastlog.so
2026-01-23T13:39:49.392876+00:00 DESKTOP-RFD2P15 login[309]: pam_unix(login:session): session opened for user hetal(uid=1000) by hetal(uid=0)
2026-01-23T13:39:49.458928+00:00 DESKTOP-RFD2P15 systemd-logind[184]: New session 1 of user hetal.
2026-01-23T13:39:49.473182+00:00 DESKTOP-RFD2P15 (systemd): pam_unix(systemd-user:session): session opened for user hetal(uid=1000) by hetal(uid=0)
2026-02-02T06:07:58.959334+00:00 DESKTOP-RFD2P15 systemd-logind[193]: New seat seat0.
2026-02-02T06:08:00.875701+00:00 DESKTOP-RFD2P15 login[331]: PAM unable to dlopen(pam_lastlog.so): /usr/lib/security/pam_lastlog.so: cannot open shared object file: No such file or directory
2026-02-02T06:08:00.875854+00:00 DESKTOP-RFD2P15 login[331]: PAM adding faulty module: pam_lastlog.so
2026-02-02T06:08:01.526527+00:00 DESKTOP-RFD2P15 login[331]: pam_unix(login:session): session opened for user hetal(uid=1000) by hetal(uid=0)
2026-02-02T06:08:01.539535+00:00 DESKTOP-RFD2P15 systemd-logind[193]: New session 1 of user hetal.
2026-02-02T06:08:01.621307+00:00 DESKTOP-RFD2P15 (systemd): pam_unix(systemd-user:session): session opened for user hetal(uid=1000) by hetal(uid=0)
2026-02-02T06:10:06.645514+00:00 DESKTOP-RFD2P15 polkitd[1054]: Loading rules from directory /etc/polkit-1/rules.d
2026-02-02T06:10:06.646284+00:00 DESKTOP-RFD2P15 polkitd[1054]: Loading rules from directory /usr/share/polkit-1/rules.d
2026-02-02T06:10:06.649435+00:00 DESKTOP-RFD2P15 polkitd[1054]: Finished loading, compiling and executing 4 rules
2026-02-02T06:10:06.650354+00:00 DESKTOP-RFD2P15 polkitd[1054]: Acquired the name org.freedesktop.PolicyKit1 on the system bus
2026-02-02T06:17:01.122292+00:00 DESKTOP-RFD2P15 CRON[1357]: pam_unix(cron:session): session opened for user root(uid=0) by root(uid=0)
2026-02-02T06:17:01.128623+00:00 DESKTOP-RFD2P15 CRON[1357]: pam_unix(cron:session): session closed for user root
2026-02-02T06:25:00.516476+00:00 DESKTOP-RFD2P15 CRON[1479]: pam_unix(cron:session): session opened for user root(uid=0) by root(uid=0)
2026-02-02T06:25:00.562953+00:00 DESKTOP-RFD2P15 CRON[1479]: pam_unix(cron:session): session closed for user root
2026-02-02T06:39:15.312013+00:00 DESKTOP-RFD2P15 systemd-logind[193]: The system will power off now!
2026-02-02T06:39:15.344663+00:00 DESKTOP-RFD2P15 systemd-logind[193]: System is powering down.
2026-02-03T12:18:53.960240+00:00 DESKTOP-RFD2P15 systemd-logind[180]: New seat seat0.
2026-02-03T12:18:48.509355+00:00 DESKTOP-RFD2P15 login[308]: PAM unable to dlopen(pam_lastlog.so): /usr/lib/security/pam_lastlog.so: cannot open shared object file: No such file or directory
2026-02-03T12:18:48.509484+00:00 DESKTOP-RFD2P15 login[308]: PAM adding faulty module: pam_lastlog.so
2026-02-03T12:18:49.075808+00:00 DESKTOP-RFD2P15 login[308]: pam_unix(login:session): session opened for user hetal(uid=1000) by hetal(uid=0)
2026-02-03T12:18:49.168558+00:00 DESKTOP-RFD2P15 systemd-logind[180]: New session 1 of user hetal.
2026-02-03T12:18:49.216833+00:00 DESKTOP-RFD2P15 (systemd): pam_unix(systemd-user:session): session opened for user hetal(uid=1000) by hetal(uid=0)
2026-02-03T12:19:44.399718+00:00 DESKTOP-RFD2P15 su: pam_unix(su:auth): authentication failure; logname= uid=1000 euid=0 tty=/dev/pts/0 ruser=hetal rhost=  user=root
2026-02-03T12:19:46.598897+00:00 DESKTOP-RFD2P15 su[529]: FAILED SU (to root) hetal on pts/0
2026-02-03T12:19:58.999781+00:00 DESKTOP-RFD2P15 su: pam_unix(su:auth): authentication failure; logname= uid=1000 euid=0 tty=/dev/pts/0 ruser=hetal rhost=  user=root
2026-02-03T12:19:54.096886+00:00 DESKTOP-RFD2P15 su[538]: FAILED SU (to root) hetal on pts/0
2026-02-03T12:20:00.029893+00:00 DESKTOP-RFD2P15 su: pam_unix(su:auth): authentication failure; logname= uid=1000 euid=0 tty=/dev/pts/0 ruser=hetal rhost=  user=root
2026-02-03T12:20:08.899149+00:00 DESKTOP-RFD2P15 su[541]: FAILED SU (to root) hetal on pts/0
2026-02-03T12:23:50.280805+00:00 DESKTOP-RFD2P15 sudo: pam_unix(sudo:auth): authentication failure; logname= uid=1000 euid=0 tty=/dev/pts/0 ruser=hetal rhost=  user=hetal
2026-02-03T12:24:08.955339+00:00 DESKTOP-RFD2P15 sudo:    hetal : 3 incorrect password attempts ; TTY=pts/0 ; PWD=/mnt/e/hetal/BCA/project/Elevate_Labs_Internship ; USER=root ; COMMAND=/usr/bin/apt install rsyslog openssh-server -y
2026-02-03T12:24:47.500802+00:00 DESKTOP-RFD2P15 login[802]: PAM unable to dlopen(pam_lastlog.so): /usr/lib/security/pam_lastlog.so: cannot open shared object file: No such file or directory
2026-02-03T12:24:47.501235+00:00 DESKTOP-RFD2P15 login[802]: PAM adding faulty module: pam_lastlog.so
2026-02-03T12:24:54.518732+00:00 DESKTOP-RFD2P15 login[802]: pam_unix(login:session): session opened for user root(uid=0) by root(uid=0)
2026-02-03T12:24:54.546917+00:00 DESKTOP-RFD2P15 systemd-logind[180]: New session 3 of user root.
2026-02-03T12:24:54.560073+00:00 DESKTOP-RFD2P15 (systemd): pam_unix(systemd-user:session): session opened for user root(uid=0) by root(uid=0)
2026-02-03T12:24:54.689104+00:00 DESKTOP-RFD2P15 login[870]: ROOT LOGIN  on '/dev/pts/2'
2026-02-03T12:25:11.458182+00:00 DESKTOP-RFD2P15 passwd[955]: pam_unix(passwd:chauthtok): password changed for hetal
2026-02-03T12:25:23.371701+00:00 DESKTOP-RFD2P15 sudo:    hetal : TTY=pts/0 ; PWD=/mnt/e/hetal/BCA/project/Elevate_Labs_Internship ; USER=root ; COMMAND=/usr/bin/apt install rsyslog openssh-server -y
2026-02-03T12:25:23.372497+00:00 DESKTOP-RFD2P15 sudo: pam_unix(sudo:session): session opened for user root(uid=0) by (uid=1000)
2026-02-03T12:25:46.760018+00:00 DESKTOP-RFD2P15 useradd[1264]: new user: name=sshd, UID=105, GID=65534, home=/run/sshd, shell=/usr/sbin/nologin, from=none     
2026-02-03T12:25:50.111172+00:00 DESKTOP-RFD2P15 polkitd[1390]: Loading rules from directory /etc/polkit-1/rules.d
2026-02-03T12:25:50.111537+00:00 DESKTOP-RFD2P15 polkitd[1390]: Loading rules from directory /usr/share/polkit-1/rules.d
2026-02-03T12:25:50.113543+00:00 DESKTOP-RFD2P15 polkitd[1390]: Finished loading, compiling and executing 4 rules
2026-02-03T12:25:50.114446+00:00 DESKTOP-RFD2P15 polkitd[1390]: Acquired the name org.freedesktop.PolicyKit1 on the system bus
2026-02-03T12:25:50.154482+00:00 DESKTOP-RFD2P15 sudo: pam_unix(sudo:session): session closed for user root
2026-02-03T12:26:15.762751+00:00 DESKTOP-RFD2P15 sudo:    hetal : TTY=pts/0 ; PWD=/mnt/e/hetal/BCA/project/Elevate_Labs_Internship ; USER=root ; COMMAND=/usr/sbin/service rsyslog start
2026-02-03T12:26:15.763441+00:00 DESKTOP-RFD2P15 sudo: pam_unix(sudo:session): session opened for user root(uid=0) by (uid=1000)
2026-02-03T12:26:16.170886+00:00 DESKTOP-RFD2P15 sudo: pam_unix(sudo:session): session closed for user root
2026-02-03T12:26:16.177570+00:00 DESKTOP-RFD2P15 sudo:    hetal : TTY=pts/0 ; PWD=/mnt/e/hetal/BCA/project/Elevate_Labs_Internship ; USER=root ; COMMAND=/usr/sbin/service ssh start
2026-02-03T12:26:16.178922+00:00 DESKTOP-RFD2P15 sudo: pam_unix(sudo:session): session opened for user root(uid=0) by (uid=1000)
2026-02-03T12:26:16.547982+00:00 DESKTOP-RFD2P15 sshd[1432]: Server listening on 0.0.0.0 port 22.
2026-02-03T12:26:16.548139+00:00 DESKTOP-RFD2P15 sshd[1432]: Server listening on :: port 22.
2026-02-03T12:26:16.549862+00:00 DESKTOP-RFD2P15 sudo: pam_unix(sudo:session): session closed for user root